
> roadsense-frontend@2.0.0 dev
> vite --host 127.0.0.1 --port 8501

Re-optimizing dependencies because lockfile has changed

  [32m[1mVITE[22m v5.4.21[39m  [2mready in [0m[1m278[22m[2m[0m ms[22m

  [32m➜[39m  [1mLocal[22m:   [36mhttp://127.0.0.1:[1m8501[22m/[39m
[2m2:01:37 pm[22m [36m[1m[vite][22m[39m [32mhmr update [39m[2m/src/main.jsx[22m
[2m2:01:45 pm[22m [36m[1m[vite][22m[39m [32mhmr update [39m[2m/src/main.jsx[22m
[2m2:02:00 pm[22m [36m[1m[vite][22m[39m [32mhmr update [39m[2m/src/main.jsx[22m
[2m2:02:13 pm[22m [36m[1m[vite][22m[39m [32mhmr update [39m[2m/src/main.jsx[22m
[2m2:03:07 pm[22m [36m[1m[vite][22m[39m [32mhmr update [39m[2m/src/main.jsx[22m
[2m2:03:22 pm[22m [36m[1m[vite][22m[39m [32mhmr update [39m[2m/src/main.jsx[22m
[2m2:03:31 pm[22m [36m[1m[vite][22m[39m [32mhmr update [39m[2m/src/main.jsx[22m
[2m2:03:56 pm[22m [36m[1m[vite][22m[39m [32mhmr update [39m[2m/src/main.jsx[22m
[2m2:04:05 pm[22m [36m[1m[vite][22m[39m [32mhmr update [39m[2m/src/main.jsx[22m
[2m2:04:16 pm[22m [36m[1m[vite][22m[39m [32mhmr update [39m[2m/src/main.jsx[22m
[2m2:04:46 pm[22m [36m[1m[vite][22m[39m [32mhmr update [39m[2m/src/styles.css[22m
[2m2:04:58 pm[22m [36m[1m[vite][22m[39m [32mhmr update [39m[2m/src/styles.css[22m
[2m2:05:14 pm[22m [36m[1m[vite][22m[39m [32mhmr update [39m[2m/src/styles.css[22m
[2m2:05:57 pm[22m [36m[1m[vite][22m[39m [32mhmr update [39m[2m/src/styles.css[22m
[2m2:22:06 pm[22m [36m[1m[vite][22m[39m [32mhmr update [39m[2m/src/main.jsx[22m
[2m2:22:06 pm[22m [36m[1m[vite][22m[39m [33mhmr invalidate [39m[2m/src/main.jsx[22m Could not Fast Refresh ("true" export is incompatible). Learn more at https://github.com/vitejs/vite-plugin-react/tree/main/packages/plugin-react#consistent-components-exports
[2m2:22:06 pm[22m [36m[1m[vite][22m[39m [32mpage reload [39m[2msrc/main.jsx[22m
[2m2:22:19 pm[22m [36m[1m[vite][22m[39m [32mhmr update [39m[2m/src/main.jsx[22m
[2m2:22:19 pm[22m [36m[1m[vite][22m[39m [33mhmr invalidate [39m[2m/src/main.jsx[22m Could not Fast Refresh ("true" export is incompatible). Learn more at https://github.com/vitejs/vite-plugin-react/tree/main/packages/plugin-react#consistent-components-exports
[2m2:22:19 pm[22m [36m[1m[vite][22m[39m [32mpage reload [39m[2msrc/main.jsx[22m
[2m2:22:49 pm[22m [36m[1m[vite][22m[39m [32mhmr update [39m[2m/src/main.jsx[22m
[2m2:22:49 pm[22m [36m[1m[vite][22m[39m [33mhmr invalidate [39m[2m/src/main.jsx[22m Could not Fast Refresh ("true" export is incompatible). Learn more at https://github.com/vitejs/vite-plugin-react/tree/main/packages/plugin-react#consistent-components-exports
[2m2:22:49 pm[22m [36m[1m[vite][22m[39m [32mpage reload [39m[2msrc/main.jsx[22m
[2m2:22:58 pm[22m [36m[1m[vite][22m[39m [32mhmr update [39m[2m/src/main.jsx[22m
[2m2:22:59 pm[22m [36m[1m[vite][22m[39m [33mhmr invalidate [39m[2m/src/main.jsx[22m Could not Fast Refresh ("true" export is incompatible). Learn more at https://github.com/vitejs/vite-plugin-react/tree/main/packages/plugin-react#consistent-components-exports
[2m2:22:59 pm[22m [36m[1m[vite][22m[39m [32mpage reload [39m[2msrc/main.jsx[22m
[2m2:23:11 pm[22m [36m[1m[vite][22m[39m [32mhmr update [39m[2m/src/main.jsx[22m
[2m2:23:11 pm[22m [36m[1m[vite][22m[39m [33mhmr invalidate [39m[2m/src/main.jsx[22m Could not Fast Refresh ("true" export is incompatible). Learn more at https://github.com/vitejs/vite-plugin-react/tree/main/packages/plugin-react#consistent-components-exports
[2m2:23:11 pm[22m [36m[1m[vite][22m[39m [32mpage reload [39m[2msrc/main.jsx[22m
[2m2:23:19 pm[22m [36m[1m[vite][22m[39m [32mhmr update [39m[2m/src/main.jsx[22m
[2m2:23:19 pm[22m [36m[1m[vite][22m[39m [33mhmr invalidate [39m[2m/src/main.jsx[22m Could not Fast Refresh ("true" export is incompatible). Learn more at https://github.com/vitejs/vite-plugin-react/tree/main/packages/plugin-react#consistent-components-exports
[2m2:23:19 pm[22m [36m[1m[vite][22m[39m [32mpage reload [39m[2msrc/main.jsx[22m
[2m2:23:30 pm[22m [36m[1m[vite][22m[39m [32mhmr update [39m[2m/src/styles.css[22m
